LENOVO@LAPTOP-SM9U91BN MINGW64 ~
$ cd Desktop

LENOVO@LAPTOP-SM9U91BN MINGW64 ~/Desktop
$ mkdir repeat_tests
mkdir: cannot create directory ‘repeat_tests’: File exists

LENOVO@LAPTOP-SM9U91BN MINGW64 ~/Desktop
$ mkdir repeat_tests

LENOVO@LAPTOP-SM9U91BN MINGW64 ~/Desktop
$ cd repeat_tests

LENOVO@LAPTOP-SM9U91BN MINGW64 ~/Desktop/repeat_tests
$ git init
Initialized empty Git repository in C:/Users/LENOVO/Desktop/repeat_tests/.git/

LENOVO@LAPTOP-SM9U91BN MINGW64 ~/Desktop/repeat_tests (master)
$ git remote add origin https://github.com/adeesha128/Testing-rep.git

LENOVO@LAPTOP-SM9U91BN MINGW64 ~/Desktop/repeat_tests (master)
$ git remote -v
origin  https://github.com/adeesha128/Testing-rep.git (fetch)
origin  https://github.com/adeesha128/Testing-rep.git (push)

LENOVO@LAPTOP-SM9U91BN MINGW64 ~/Desktop/repeat_tests (master)
$ code .

LENOVO@LAPTOP-SM9U91BN MINGW64 ~/Desktop/repeat_tests (master)
$ git add .

LENOVO@LAPTOP-SM9U91BN MINGW64 ~/Desktop/repeat_tests (master)
$ git status
On branch master

No commits yet

Changes to be committed:
  (use "git rm --cached <file>..." to unstage)
        new file:   01_test.py


LENOVO@LAPTOP-SM9U91BN MINGW64 ~/Desktop/repeat_tests (master)
$ git commit -m "first commit"
[master (root-commit) 80bf228] first commit
 1 file changed, 1 insertion(+)
 create mode 100644 01_test.py

LENOVO@LAPTOP-SM9U91BN MINGW64 ~/Desktop/repeat_tests (master)
$ git branch -M main

LENOVO@LAPTOP-SM9U91BN MINGW64 ~/Desktop/repeat_tests (main)
$ git push -u origin main
Enumerating objects: 3, done.
Counting objects: 100% (3/3), done.
Writing objects: 100% (3/3), 230 bytes | 115.00 KiB/s, done.
Total 3 (delta 0), reused 0 (delta 0), pack-reused 0 (from 0)
To https://github.com/adeesha128/Testing-rep.git
 * [new branch]      main -> main
branch 'main' set up to track 'origin/main'.

LENOVO@LAPTOP-SM9U91BN MINGW64 ~/Desktop/repeat_tests (main)
$ git add .

LENOVO@LAPTOP-SM9U91BN MINGW64 ~/Desktop/repeat_tests (main)
$ git status
On branch main
Your branch is up to date with 'origin/main'.

Changes to be committed:
  (use "git restore --staged <file>..." to unstage)
        new file:   __pycache__/result_calculator.cpython-314.pyc
        new file:   result_calculator.py


LENOVO@LAPTOP-SM9U91BN MINGW64 ~/Desktop/repeat_tests (main)
$ git commit -m "first commit"
[main 69f615b] first commit
 2 files changed, 51 insertions(+)
 create mode 100644 __pycache__/result_calculator.cpython-314.pyc
 create mode 100644 result_calculator.py

LENOVO@LAPTOP-SM9U91BN MINGW64 ~/Desktop/repeat_tests (main)
$ git push
Enumerating objects: 6, done.
Counting objects: 100% (6/6), done.
Delta compression using up to 20 threads
Compressing objects: 100% (5/5), done.
Writing objects: 100% (5/5), 1.93 KiB | 988.00 KiB/s, done.
Total 5 (delta 0), reused 0 (delta 0), pack-reused 0 (from 0)
To https://github.com/adeesha128/Testing-rep.git
   80bf228..69f615b  main -> main

LENOVO@LAPTOP-SM9U91BN MINGW64 ~/Desktop/repeat_tests (main)
$ git log > log.txt

LENOVO@LAPTOP-SM9U91BN MINGW64 ~/Desktop/repeat_tests (main)
$ 

